// Jest Snapshot v1, https://goo.gl/fbAQLP

exports[`renders correctly with no data or props 1`] = `
<div
  className="py-[30px] m-auto w-4/5 h-full border flex flex-wrap justify-center"
/>
`;

exports[`renders correctly with some data and some props 1`] = `
<div
  className="py-[30px] m-auto w-4/5 h-full border flex flex-wrap justify-center"
>
  <a
    href="https://www.lamas.com"
    target="_blank"
  >
    <div
      className=""
      style={
        Object {
          "backgroundImage": "url(https://picsum.photos/250/250.webp)",
          "fontSize": "1.5rem",
          "height": "250px",
          "width": "250px",
        }
      }
    >
      <p
        className="text-center m-auto w-full relative top-1/2 transform -translate-y-1/2"
        style={
          Object {
            "backgroundColor": "white",
          }
        }
      >
        1 - Woolley hat
      </p>
    </div>
  </a>
  <a
    href="https://www.t-shirts.com"
    target="_blank"
  >
    <div
      className=""
      style={
        Object {
          "backgroundImage": "url(https://picsum.photos/250/250.webp)",
          "fontSize": "1.5rem",
          "height": "250px",
          "width": "250px",
        }
      }
    >
      <p
        className="text-center m-auto w-full relative top-1/2 transform -translate-y-1/2"
        style={
          Object {
            "backgroundColor": "white",
          }
        }
      >
        2 - Cotton T-shirt
      </p>
    </div>
  </a>
  <a
    href="https://www.trousers.com"
    target="_blank"
  >
    <div
      className=""
      style={
        Object {
          "backgroundImage": "url(https://picsum.photos/250/250.webp)",
          "fontSize": "1.5rem",
          "height": "250px",
          "width": "250px",
        }
      }
    >
      <p
        className="text-center m-auto w-full relative top-1/2 transform -translate-y-1/2"
        style={
          Object {
            "backgroundColor": "white",
          }
        }
      >
        3 - Plastic trousers
      </p>
    </div>
  </a>
  <a
    href="https://www.shorts.com"
    target="_blank"
  >
    <div
      className=""
      style={
        Object {
          "backgroundImage": "url(https://picsum.photos/250/250.webp)",
          "fontSize": "1.5rem",
          "height": "250px",
          "width": "250px",
        }
      }
    >
      <p
        className="text-center m-auto w-full relative top-1/2 transform -translate-y-1/2"
        style={
          Object {
            "backgroundColor": "white",
          }
        }
      >
        4 - Skimpy shorts
      </p>
    </div>
  </a>
  <a
    href="https://www.greekgold.com"
    target="_blank"
  >
    <div
      className=""
      style={
        Object {
          "backgroundImage": "url(https://picsum.photos/250/250.webp)",
          "fontSize": "1.5rem",
          "height": "250px",
          "width": "250px",
        }
      }
    >
      <p
        className="text-center m-auto w-full relative top-1/2 transform -translate-y-1/2"
        style={
          Object {
            "backgroundColor": "white",
          }
        }
      >
        5 - Gold ring
      </p>
    </div>
  </a>
  <a
    href="https://www.lamas.com"
    target="_blank"
  >
    <div
      className=""
      style={
        Object {
          "backgroundImage": "url(https://picsum.photos/250/250.webp)",
          "fontSize": "1.5rem",
          "height": "250px",
          "width": "250px",
        }
      }
    >
      <p
        className="text-center m-auto w-full relative top-1/2 transform -translate-y-1/2"
        style={
          Object {
            "backgroundColor": "white",
          }
        }
      >
        6 - Woolley hat
      </p>
    </div>
  </a>
  <a
    href="https://www.t-shirts.com"
    target="_blank"
  >
    <div
      className=""
      style={
        Object {
          "backgroundImage": "url(https://picsum.photos/250/250.webp)",
          "fontSize": "1.5rem",
          "height": "250px",
          "width": "250px",
        }
      }
    >
      <p
        className="text-center m-auto w-full relative top-1/2 transform -translate-y-1/2"
        style={
          Object {
            "backgroundColor": "white",
          }
        }
      >
        7 - Cotton T-shirt
      </p>
    </div>
  </a>
  <a
    href="https://www.trousers.com"
    target="_blank"
  >
    <div
      className=""
      style={
        Object {
          "backgroundImage": "url(https://picsum.photos/250/250.webp)",
          "fontSize": "1.5rem",
          "height": "250px",
          "width": "250px",
        }
      }
    >
      <p
        className="text-center m-auto w-full relative top-1/2 transform -translate-y-1/2"
        style={
          Object {
            "backgroundColor": "white",
          }
        }
      >
        8 - Plastic trousers
      </p>
    </div>
  </a>
  <a
    href="https://www.shorts.com"
    target="_blank"
  >
    <div
      className=""
      style={
        Object {
          "backgroundImage": "url(https://picsum.photos/250/250.webp)",
          "fontSize": "1.5rem",
          "height": "250px",
          "width": "250px",
        }
      }
    >
      <p
        className="text-center m-auto w-full relative top-1/2 transform -translate-y-1/2"
        style={
          Object {
            "backgroundColor": "white",
          }
        }
      >
        9 - Skimpy shorts
      </p>
    </div>
  </a>
  <a
    href="https://www.greekgold.com"
    target="_blank"
  >
    <div
      className=""
      style={
        Object {
          "backgroundImage": "url(https://picsum.photos/250/250.webp)",
          "fontSize": "1.5rem",
          "height": "250px",
          "width": "250px",
        }
      }
    >
      <p
        className="text-center m-auto w-full relative top-1/2 transform -translate-y-1/2"
        style={
          Object {
            "backgroundColor": "white",
          }
        }
      >
        10 - Gold ring
      </p>
    </div>
  </a>
  <a
    href="https://www.lamas.com"
    target="_blank"
  >
    <div
      className=""
      style={
        Object {
          "backgroundImage": "url(https://picsum.photos/250/250.webp)",
          "fontSize": "1.5rem",
          "height": "250px",
          "width": "250px",
        }
      }
    >
      <p
        className="text-center m-auto w-full relative top-1/2 transform -translate-y-1/2"
        style={
          Object {
            "backgroundColor": "white",
          }
        }
      >
        11 - Woolley hat
      </p>
    </div>
  </a>
  <a
    href="https://www.t-shirts.com"
    target="_blank"
  >
    <div
      className=""
      style={
        Object {
          "backgroundImage": "url(https://picsum.photos/250/250.webp)",
          "fontSize": "1.5rem",
          "height": "250px",
          "width": "250px",
        }
      }
    >
      <p
        className="text-center m-auto w-full relative top-1/2 transform -translate-y-1/2"
        style={
          Object {
            "backgroundColor": "white",
          }
        }
      >
        12 - Cotton T-shirt
      </p>
    </div>
  </a>
  <a
    href="https://www.trousers.com"
    target="_blank"
  >
    <div
      className=""
      style={
        Object {
          "backgroundImage": "url(https://picsum.photos/250/250.webp)",
          "fontSize": "1.5rem",
          "height": "250px",
          "width": "250px",
        }
      }
    >
      <p
        className="text-center m-auto w-full relative top-1/2 transform -translate-y-1/2"
        style={
          Object {
            "backgroundColor": "white",
          }
        }
      >
        13 - Plastic trousers
      </p>
    </div>
  </a>
  <a
    href="https://www.shorts.com"
    target="_blank"
  >
    <div
      className=""
      style={
        Object {
          "backgroundImage": "url(https://picsum.photos/250/250.webp)",
          "fontSize": "1.5rem",
          "height": "250px",
          "width": "250px",
        }
      }
    >
      <p
        className="text-center m-auto w-full relative top-1/2 transform -translate-y-1/2"
        style={
          Object {
            "backgroundColor": "white",
          }
        }
      >
        14 - Skimpy shorts
      </p>
    </div>
  </a>
  <a
    href="https://www.greekgold.com"
    target="_blank"
  >
    <div
      className=""
      style={
        Object {
          "backgroundImage": "url(https://picsum.photos/250/250.webp)",
          "fontSize": "1.5rem",
          "height": "250px",
          "width": "250px",
        }
      }
    >
      <p
        className="text-center m-auto w-full relative top-1/2 transform -translate-y-1/2"
        style={
          Object {
            "backgroundColor": "white",
          }
        }
      >
        15 - Gold ring
      </p>
    </div>
  </a>
  <a
    href="https://www.lamas.com"
    target="_blank"
  >
    <div
      className=""
      style={
        Object {
          "backgroundImage": "url(https://picsum.photos/250/250.webp)",
          "fontSize": "1.5rem",
          "height": "250px",
          "width": "250px",
        }
      }
    >
      <p
        className="text-center m-auto w-full relative top-1/2 transform -translate-y-1/2"
        style={
          Object {
            "backgroundColor": "white",
          }
        }
      >
        16 - Woolley hat
      </p>
    </div>
  </a>
  <a
    href="https://www.t-shirts.com"
    target="_blank"
  >
    <div
      className=""
      style={
        Object {
          "backgroundImage": "url(https://picsum.photos/250/250.webp)",
          "fontSize": "1.5rem",
          "height": "250px",
          "width": "250px",
        }
      }
    >
      <p
        className="text-center m-auto w-full relative top-1/2 transform -translate-y-1/2"
        style={
          Object {
            "backgroundColor": "white",
          }
        }
      >
        17 - Cotton T-shirt
      </p>
    </div>
  </a>
  <a
    href="https://www.trousers.com"
    target="_blank"
  >
    <div
      className=""
      style={
        Object {
          "backgroundImage": "url(https://picsum.photos/250/250.webp)",
          "fontSize": "1.5rem",
          "height": "250px",
          "width": "250px",
        }
      }
    >
      <p
        className="text-center m-auto w-full relative top-1/2 transform -translate-y-1/2"
        style={
          Object {
            "backgroundColor": "white",
          }
        }
      >
        18 - Plastic trousers
      </p>
    </div>
  </a>
  <a
    href="https://www.shorts.com"
    target="_blank"
  >
    <div
      className=""
      style={
        Object {
          "backgroundImage": "url(https://picsum.photos/250/250.webp)",
          "fontSize": "1.5rem",
          "height": "250px",
          "width": "250px",
        }
      }
    >
      <p
        className="text-center m-auto w-full relative top-1/2 transform -translate-y-1/2"
        style={
          Object {
            "backgroundColor": "white",
          }
        }
      >
        19 - Skimpy shorts
      </p>
    </div>
  </a>
  <a
    href="https://www.greekgold.com"
    target="_blank"
  >
    <div
      className=""
      style={
        Object {
          "backgroundImage": "url(https://picsum.photos/250/250.webp)",
          "fontSize": "1.5rem",
          "height": "250px",
          "width": "250px",
        }
      }
    >
      <p
        className="text-center m-auto w-full relative top-1/2 transform -translate-y-1/2"
        style={
          Object {
            "backgroundColor": "white",
          }
        }
      >
        20 - Gold ring
      </p>
    </div>
  </a>
  <a
    href="https://www.lamas.com"
    target="_blank"
  >
    <div
      className=""
      style={
        Object {
          "backgroundImage": "url(https://picsum.photos/250/250.webp)",
          "fontSize": "1.5rem",
          "height": "250px",
          "width": "250px",
        }
      }
    >
      <p
        className="text-center m-auto w-full relative top-1/2 transform -translate-y-1/2"
        style={
          Object {
            "backgroundColor": "white",
          }
        }
      >
        21 - Woolley hat
      </p>
    </div>
  </a>
  <a
    href="https://www.t-shirts.com"
    target="_blank"
  >
    <div
      className=""
      style={
        Object {
          "backgroundImage": "url(https://picsum.photos/250/250.webp)",
          "fontSize": "1.5rem",
          "height": "250px",
          "width": "250px",
        }
      }
    >
      <p
        className="text-center m-auto w-full relative top-1/2 transform -translate-y-1/2"
        style={
          Object {
            "backgroundColor": "white",
          }
        }
      >
        22 - Cotton T-shirt
      </p>
    </div>
  </a>
  <a
    href="https://www.trousers.com"
    target="_blank"
  >
    <div
      className=""
      style={
        Object {
          "backgroundImage": "url(https://picsum.photos/250/250.webp)",
          "fontSize": "1.5rem",
          "height": "250px",
          "width": "250px",
        }
      }
    >
      <p
        className="text-center m-auto w-full relative top-1/2 transform -translate-y-1/2"
        style={
          Object {
            "backgroundColor": "white",
          }
        }
      >
        23 - Plastic trousers
      </p>
    </div>
  </a>
  <a
    href="https://www.shorts.com"
    target="_blank"
  >
    <div
      className=""
      style={
        Object {
          "backgroundImage": "url(https://picsum.photos/250/250.webp)",
          "fontSize": "1.5rem",
          "height": "250px",
          "width": "250px",
        }
      }
    >
      <p
        className="text-center m-auto w-full relative top-1/2 transform -translate-y-1/2"
        style={
          Object {
            "backgroundColor": "white",
          }
        }
      >
        24 - Skimpy shorts
      </p>
    </div>
  </a>
  <a
    href="https://www.greekgold.com"
    target="_blank"
  >
    <div
      className=""
      style={
        Object {
          "backgroundImage": "url(https://picsum.photos/250/250.webp)",
          "fontSize": "1.5rem",
          "height": "250px",
          "width": "250px",
        }
      }
    >
      <p
        className="text-center m-auto w-full relative top-1/2 transform -translate-y-1/2"
        style={
          Object {
            "backgroundColor": "white",
          }
        }
      >
        25 - Gold ring
      </p>
    </div>
  </a>
  <a
    href="https://www.lamas.com"
    target="_blank"
  >
    <div
      className=""
      style={
        Object {
          "backgroundImage": "url(https://picsum.photos/250/250.webp)",
          "fontSize": "1.5rem",
          "height": "250px",
          "width": "250px",
        }
      }
    >
      <p
        className="text-center m-auto w-full relative top-1/2 transform -translate-y-1/2"
        style={
          Object {
            "backgroundColor": "white",
          }
        }
      >
        26 - Woolley hat
      </p>
    </div>
  </a>
  <a
    href="https://www.t-shirts.com"
    target="_blank"
  >
    <div
      className=""
      style={
        Object {
          "backgroundImage": "url(https://picsum.photos/250/250.webp)",
          "fontSize": "1.5rem",
          "height": "250px",
          "width": "250px",
        }
      }
    >
      <p
        className="text-center m-auto w-full relative top-1/2 transform -translate-y-1/2"
        style={
          Object {
            "backgroundColor": "white",
          }
        }
      >
        27 - Cotton T-shirt
      </p>
    </div>
  </a>
  <a
    href="https://www.trousers.com"
    target="_blank"
  >
    <div
      className=""
      style={
        Object {
          "backgroundImage": "url(https://picsum.photos/250/250.webp)",
          "fontSize": "1.5rem",
          "height": "250px",
          "width": "250px",
        }
      }
    >
      <p
        className="text-center m-auto w-full relative top-1/2 transform -translate-y-1/2"
        style={
          Object {
            "backgroundColor": "white",
          }
        }
      >
        28 - Plastic trousers
      </p>
    </div>
  </a>
  <a
    href="https://www.shorts.com"
    target="_blank"
  >
    <div
      className=""
      style={
        Object {
          "backgroundImage": "url(https://picsum.photos/250/250.webp)",
          "fontSize": "1.5rem",
          "height": "250px",
          "width": "250px",
        }
      }
    >
      <p
        className="text-center m-auto w-full relative top-1/2 transform -translate-y-1/2"
        style={
          Object {
            "backgroundColor": "white",
          }
        }
      >
        29 - Skimpy shorts
      </p>
    </div>
  </a>
  <a
    href="https://www.greekgold.com"
    target="_blank"
  >
    <div
      className=""
      style={
        Object {
          "backgroundImage": "url(https://picsum.photos/250/250.webp)",
          "fontSize": "1.5rem",
          "height": "250px",
          "width": "250px",
        }
      }
    >
      <p
        className="text-center m-auto w-full relative top-1/2 transform -translate-y-1/2"
        style={
          Object {
            "backgroundColor": "white",
          }
        }
      >
        30 - Gold ring
      </p>
    </div>
  </a>
  <a
    href="https://www.lamas.com"
    target="_blank"
  >
    <div
      className=""
      style={
        Object {
          "backgroundImage": "url(https://picsum.photos/250/250.webp)",
          "fontSize": "1.5rem",
          "height": "250px",
          "width": "250px",
        }
      }
    >
      <p
        className="text-center m-auto w-full relative top-1/2 transform -translate-y-1/2"
        style={
          Object {
            "backgroundColor": "white",
          }
        }
      >
        31 - Woolley hat
      </p>
    </div>
  </a>
  <a
    href="https://www.t-shirts.com"
    target="_blank"
  >
    <div
      className=""
      style={
        Object {
          "backgroundImage": "url(https://picsum.photos/250/250.webp)",
          "fontSize": "1.5rem",
          "height": "250px",
          "width": "250px",
        }
      }
    >
      <p
        className="text-center m-auto w-full relative top-1/2 transform -translate-y-1/2"
        style={
          Object {
            "backgroundColor": "white",
          }
        }
      >
        32 - Cotton T-shirt
      </p>
    </div>
  </a>
  <a
    href="https://www.trousers.com"
    target="_blank"
  >
    <div
      className=""
      style={
        Object {
          "backgroundImage": "url(https://picsum.photos/250/250.webp)",
          "fontSize": "1.5rem",
          "height": "250px",
          "width": "250px",
        }
      }
    >
      <p
        className="text-center m-auto w-full relative top-1/2 transform -translate-y-1/2"
        style={
          Object {
            "backgroundColor": "white",
          }
        }
      >
        33 - Plastic trousers
      </p>
    </div>
  </a>
  <a
    href="https://www.shorts.com"
    target="_blank"
  >
    <div
      className=""
      style={
        Object {
          "backgroundImage": "url(https://picsum.photos/250/250.webp)",
          "fontSize": "1.5rem",
          "height": "250px",
          "width": "250px",
        }
      }
    >
      <p
        className="text-center m-auto w-full relative top-1/2 transform -translate-y-1/2"
        style={
          Object {
            "backgroundColor": "white",
          }
        }
      >
        34 - Skimpy shorts
      </p>
    </div>
  </a>
  <a
    href="https://www.greekgold.com"
    target="_blank"
  >
    <div
      className=""
      style={
        Object {
          "backgroundImage": "url(https://picsum.photos/250/250.webp)",
          "fontSize": "1.5rem",
          "height": "250px",
          "width": "250px",
        }
      }
    >
      <p
        className="text-center m-auto w-full relative top-1/2 transform -translate-y-1/2"
        style={
          Object {
            "backgroundColor": "white",
          }
        }
      >
        35 - Gold ring
      </p>
    </div>
  </a>
</div>
`;

exports[`renders correctly with some data but no props 1`] = `
<div
  className="py-[30px] m-auto w-4/5 h-full border flex flex-wrap justify-center"
>
  <a
    href="https://www.lamas.com"
    target="_blank"
  >
    <div
      className=""
      style={
        Object {
          "backgroundImage": "url(https://picsum.photos/250/250.webp)",
          "fontSize": "1.5rem",
          "height": "200px",
          "width": "200px",
        }
      }
    >
      <p
        className="text-center m-auto w-full relative top-1/2 transform -translate-y-1/2"
        style={
          Object {
            "backgroundColor": "white",
          }
        }
      >
        1 - Woolley hat
      </p>
    </div>
  </a>
  <a
    href="https://www.t-shirts.com"
    target="_blank"
  >
    <div
      className=""
      style={
        Object {
          "backgroundImage": "url(https://picsum.photos/250/250.webp)",
          "fontSize": "1.5rem",
          "height": "200px",
          "width": "200px",
        }
      }
    >
      <p
        className="text-center m-auto w-full relative top-1/2 transform -translate-y-1/2"
        style={
          Object {
            "backgroundColor": "white",
          }
        }
      >
        2 - Cotton T-shirt
      </p>
    </div>
  </a>
  <a
    href="https://www.trousers.com"
    target="_blank"
  >
    <div
      className=""
      style={
        Object {
          "backgroundImage": "url(https://picsum.photos/250/250.webp)",
          "fontSize": "1.5rem",
          "height": "200px",
          "width": "200px",
        }
      }
    >
      <p
        className="text-center m-auto w-full relative top-1/2 transform -translate-y-1/2"
        style={
          Object {
            "backgroundColor": "white",
          }
        }
      >
        3 - Plastic trousers
      </p>
    </div>
  </a>
  <a
    href="https://www.shorts.com"
    target="_blank"
  >
    <div
      className=""
      style={
        Object {
          "backgroundImage": "url(https://picsum.photos/250/250.webp)",
          "fontSize": "1.5rem",
          "height": "200px",
          "width": "200px",
        }
      }
    >
      <p
        className="text-center m-auto w-full relative top-1/2 transform -translate-y-1/2"
        style={
          Object {
            "backgroundColor": "white",
          }
        }
      >
        4 - Skimpy shorts
      </p>
    </div>
  </a>
  <a
    href="https://www.greekgold.com"
    target="_blank"
  >
    <div
      className=""
      style={
        Object {
          "backgroundImage": "url(https://picsum.photos/250/250.webp)",
          "fontSize": "1.5rem",
          "height": "200px",
          "width": "200px",
        }
      }
    >
      <p
        className="text-center m-auto w-full relative top-1/2 transform -translate-y-1/2"
        style={
          Object {
            "backgroundColor": "white",
          }
        }
      >
        5 - Gold ring
      </p>
    </div>
  </a>
  <a
    href="https://www.lamas.com"
    target="_blank"
  >
    <div
      className=""
      style={
        Object {
          "backgroundImage": "url(https://picsum.photos/250/250.webp)",
          "fontSize": "1.5rem",
          "height": "200px",
          "width": "200px",
        }
      }
    >
      <p
        className="text-center m-auto w-full relative top-1/2 transform -translate-y-1/2"
        style={
          Object {
            "backgroundColor": "white",
          }
        }
      >
        6 - Woolley hat
      </p>
    </div>
  </a>
  <a
    href="https://www.t-shirts.com"
    target="_blank"
  >
    <div
      className=""
      style={
        Object {
          "backgroundImage": "url(https://picsum.photos/250/250.webp)",
          "fontSize": "1.5rem",
          "height": "200px",
          "width": "200px",
        }
      }
    >
      <p
        className="text-center m-auto w-full relative top-1/2 transform -translate-y-1/2"
        style={
          Object {
            "backgroundColor": "white",
          }
        }
      >
        7 - Cotton T-shirt
      </p>
    </div>
  </a>
  <a
    href="https://www.trousers.com"
    target="_blank"
  >
    <div
      className=""
      style={
        Object {
          "backgroundImage": "url(https://picsum.photos/250/250.webp)",
          "fontSize": "1.5rem",
          "height": "200px",
          "width": "200px",
        }
      }
    >
      <p
        className="text-center m-auto w-full relative top-1/2 transform -translate-y-1/2"
        style={
          Object {
            "backgroundColor": "white",
          }
        }
      >
        8 - Plastic trousers
      </p>
    </div>
  </a>
  <a
    href="https://www.shorts.com"
    target="_blank"
  >
    <div
      className=""
      style={
        Object {
          "backgroundImage": "url(https://picsum.photos/250/250.webp)",
          "fontSize": "1.5rem",
          "height": "200px",
          "width": "200px",
        }
      }
    >
      <p
        className="text-center m-auto w-full relative top-1/2 transform -translate-y-1/2"
        style={
          Object {
            "backgroundColor": "white",
          }
        }
      >
        9 - Skimpy shorts
      </p>
    </div>
  </a>
  <a
    href="https://www.greekgold.com"
    target="_blank"
  >
    <div
      className=""
      style={
        Object {
          "backgroundImage": "url(https://picsum.photos/250/250.webp)",
          "fontSize": "1.5rem",
          "height": "200px",
          "width": "200px",
        }
      }
    >
      <p
        className="text-center m-auto w-full relative top-1/2 transform -translate-y-1/2"
        style={
          Object {
            "backgroundColor": "white",
          }
        }
      >
        10 - Gold ring
      </p>
    </div>
  </a>
  <a
    href="https://www.lamas.com"
    target="_blank"
  >
    <div
      className=""
      style={
        Object {
          "backgroundImage": "url(https://picsum.photos/250/250.webp)",
          "fontSize": "1.5rem",
          "height": "200px",
          "width": "200px",
        }
      }
    >
      <p
        className="text-center m-auto w-full relative top-1/2 transform -translate-y-1/2"
        style={
          Object {
            "backgroundColor": "white",
          }
        }
      >
        11 - Woolley hat
      </p>
    </div>
  </a>
  <a
    href="https://www.t-shirts.com"
    target="_blank"
  >
    <div
      className=""
      style={
        Object {
          "backgroundImage": "url(https://picsum.photos/250/250.webp)",
          "fontSize": "1.5rem",
          "height": "200px",
          "width": "200px",
        }
      }
    >
      <p
        className="text-center m-auto w-full relative top-1/2 transform -translate-y-1/2"
        style={
          Object {
            "backgroundColor": "white",
          }
        }
      >
        12 - Cotton T-shirt
      </p>
    </div>
  </a>
  <a
    href="https://www.trousers.com"
    target="_blank"
  >
    <div
      className=""
      style={
        Object {
          "backgroundImage": "url(https://picsum.photos/250/250.webp)",
          "fontSize": "1.5rem",
          "height": "200px",
          "width": "200px",
        }
      }
    >
      <p
        className="text-center m-auto w-full relative top-1/2 transform -translate-y-1/2"
        style={
          Object {
            "backgroundColor": "white",
          }
        }
      >
        13 - Plastic trousers
      </p>
    </div>
  </a>
  <a
    href="https://www.shorts.com"
    target="_blank"
  >
    <div
      className=""
      style={
        Object {
          "backgroundImage": "url(https://picsum.photos/250/250.webp)",
          "fontSize": "1.5rem",
          "height": "200px",
          "width": "200px",
        }
      }
    >
      <p
        className="text-center m-auto w-full relative top-1/2 transform -translate-y-1/2"
        style={
          Object {
            "backgroundColor": "white",
          }
        }
      >
        14 - Skimpy shorts
      </p>
    </div>
  </a>
  <a
    href="https://www.greekgold.com"
    target="_blank"
  >
    <div
      className=""
      style={
        Object {
          "backgroundImage": "url(https://picsum.photos/250/250.webp)",
          "fontSize": "1.5rem",
          "height": "200px",
          "width": "200px",
        }
      }
    >
      <p
        className="text-center m-auto w-full relative top-1/2 transform -translate-y-1/2"
        style={
          Object {
            "backgroundColor": "white",
          }
        }
      >
        15 - Gold ring
      </p>
    </div>
  </a>
  <a
    href="https://www.lamas.com"
    target="_blank"
  >
    <div
      className=""
      style={
        Object {
          "backgroundImage": "url(https://picsum.photos/250/250.webp)",
          "fontSize": "1.5rem",
          "height": "200px",
          "width": "200px",
        }
      }
    >
      <p
        className="text-center m-auto w-full relative top-1/2 transform -translate-y-1/2"
        style={
          Object {
            "backgroundColor": "white",
          }
        }
      >
        16 - Woolley hat
      </p>
    </div>
  </a>
  <a
    href="https://www.t-shirts.com"
    target="_blank"
  >
    <div
      className=""
      style={
        Object {
          "backgroundImage": "url(https://picsum.photos/250/250.webp)",
          "fontSize": "1.5rem",
          "height": "200px",
          "width": "200px",
        }
      }
    >
      <p
        className="text-center m-auto w-full relative top-1/2 transform -translate-y-1/2"
        style={
          Object {
            "backgroundColor": "white",
          }
        }
      >
        17 - Cotton T-shirt
      </p>
    </div>
  </a>
  <a
    href="https://www.trousers.com"
    target="_blank"
  >
    <div
      className=""
      style={
        Object {
          "backgroundImage": "url(https://picsum.photos/250/250.webp)",
          "fontSize": "1.5rem",
          "height": "200px",
          "width": "200px",
        }
      }
    >
      <p
        className="text-center m-auto w-full relative top-1/2 transform -translate-y-1/2"
        style={
          Object {
            "backgroundColor": "white",
          }
        }
      >
        18 - Plastic trousers
      </p>
    </div>
  </a>
  <a
    href="https://www.shorts.com"
    target="_blank"
  >
    <div
      className=""
      style={
        Object {
          "backgroundImage": "url(https://picsum.photos/250/250.webp)",
          "fontSize": "1.5rem",
          "height": "200px",
          "width": "200px",
        }
      }
    >
      <p
        className="text-center m-auto w-full relative top-1/2 transform -translate-y-1/2"
        style={
          Object {
            "backgroundColor": "white",
          }
        }
      >
        19 - Skimpy shorts
      </p>
    </div>
  </a>
  <a
    href="https://www.greekgold.com"
    target="_blank"
  >
    <div
      className=""
      style={
        Object {
          "backgroundImage": "url(https://picsum.photos/250/250.webp)",
          "fontSize": "1.5rem",
          "height": "200px",
          "width": "200px",
        }
      }
    >
      <p
        className="text-center m-auto w-full relative top-1/2 transform -translate-y-1/2"
        style={
          Object {
            "backgroundColor": "white",
          }
        }
      >
        20 - Gold ring
      </p>
    </div>
  </a>
  <a
    href="https://www.lamas.com"
    target="_blank"
  >
    <div
      className=""
      style={
        Object {
          "backgroundImage": "url(https://picsum.photos/250/250.webp)",
          "fontSize": "1.5rem",
          "height": "200px",
          "width": "200px",
        }
      }
    >
      <p
        className="text-center m-auto w-full relative top-1/2 transform -translate-y-1/2"
        style={
          Object {
            "backgroundColor": "white",
          }
        }
      >
        21 - Woolley hat
      </p>
    </div>
  </a>
  <a
    href="https://www.t-shirts.com"
    target="_blank"
  >
    <div
      className=""
      style={
        Object {
          "backgroundImage": "url(https://picsum.photos/250/250.webp)",
          "fontSize": "1.5rem",
          "height": "200px",
          "width": "200px",
        }
      }
    >
      <p
        className="text-center m-auto w-full relative top-1/2 transform -translate-y-1/2"
        style={
          Object {
            "backgroundColor": "white",
          }
        }
      >
        22 - Cotton T-shirt
      </p>
    </div>
  </a>
  <a
    href="https://www.trousers.com"
    target="_blank"
  >
    <div
      className=""
      style={
        Object {
          "backgroundImage": "url(https://picsum.photos/250/250.webp)",
          "fontSize": "1.5rem",
          "height": "200px",
          "width": "200px",
        }
      }
    >
      <p
        className="text-center m-auto w-full relative top-1/2 transform -translate-y-1/2"
        style={
          Object {
            "backgroundColor": "white",
          }
        }
      >
        23 - Plastic trousers
      </p>
    </div>
  </a>
  <a
    href="https://www.shorts.com"
    target="_blank"
  >
    <div
      className=""
      style={
        Object {
          "backgroundImage": "url(https://picsum.photos/250/250.webp)",
          "fontSize": "1.5rem",
          "height": "200px",
          "width": "200px",
        }
      }
    >
      <p
        className="text-center m-auto w-full relative top-1/2 transform -translate-y-1/2"
        style={
          Object {
            "backgroundColor": "white",
          }
        }
      >
        24 - Skimpy shorts
      </p>
    </div>
  </a>
  <a
    href="https://www.greekgold.com"
    target="_blank"
  >
    <div
      className=""
      style={
        Object {
          "backgroundImage": "url(https://picsum.photos/250/250.webp)",
          "fontSize": "1.5rem",
          "height": "200px",
          "width": "200px",
        }
      }
    >
      <p
        className="text-center m-auto w-full relative top-1/2 transform -translate-y-1/2"
        style={
          Object {
            "backgroundColor": "white",
          }
        }
      >
        25 - Gold ring
      </p>
    </div>
  </a>
  <a
    href="https://www.lamas.com"
    target="_blank"
  >
    <div
      className=""
      style={
        Object {
          "backgroundImage": "url(https://picsum.photos/250/250.webp)",
          "fontSize": "1.5rem",
          "height": "200px",
          "width": "200px",
        }
      }
    >
      <p
        className="text-center m-auto w-full relative top-1/2 transform -translate-y-1/2"
        style={
          Object {
            "backgroundColor": "white",
          }
        }
      >
        26 - Woolley hat
      </p>
    </div>
  </a>
  <a
    href="https://www.t-shirts.com"
    target="_blank"
  >
    <div
      className=""
      style={
        Object {
          "backgroundImage": "url(https://picsum.photos/250/250.webp)",
          "fontSize": "1.5rem",
          "height": "200px",
          "width": "200px",
        }
      }
    >
      <p
        className="text-center m-auto w-full relative top-1/2 transform -translate-y-1/2"
        style={
          Object {
            "backgroundColor": "white",
          }
        }
      >
        27 - Cotton T-shirt
      </p>
    </div>
  </a>
  <a
    href="https://www.trousers.com"
    target="_blank"
  >
    <div
      className=""
      style={
        Object {
          "backgroundImage": "url(https://picsum.photos/250/250.webp)",
          "fontSize": "1.5rem",
          "height": "200px",
          "width": "200px",
        }
      }
    >
      <p
        className="text-center m-auto w-full relative top-1/2 transform -translate-y-1/2"
        style={
          Object {
            "backgroundColor": "white",
          }
        }
      >
        28 - Plastic trousers
      </p>
    </div>
  </a>
  <a
    href="https://www.shorts.com"
    target="_blank"
  >
    <div
      className=""
      style={
        Object {
          "backgroundImage": "url(https://picsum.photos/250/250.webp)",
          "fontSize": "1.5rem",
          "height": "200px",
          "width": "200px",
        }
      }
    >
      <p
        className="text-center m-auto w-full relative top-1/2 transform -translate-y-1/2"
        style={
          Object {
            "backgroundColor": "white",
          }
        }
      >
        29 - Skimpy shorts
      </p>
    </div>
  </a>
  <a
    href="https://www.greekgold.com"
    target="_blank"
  >
    <div
      className=""
      style={
        Object {
          "backgroundImage": "url(https://picsum.photos/250/250.webp)",
          "fontSize": "1.5rem",
          "height": "200px",
          "width": "200px",
        }
      }
    >
      <p
        className="text-center m-auto w-full relative top-1/2 transform -translate-y-1/2"
        style={
          Object {
            "backgroundColor": "white",
          }
        }
      >
        30 - Gold ring
      </p>
    </div>
  </a>
  <a
    href="https://www.lamas.com"
    target="_blank"
  >
    <div
      className=""
      style={
        Object {
          "backgroundImage": "url(https://picsum.photos/250/250.webp)",
          "fontSize": "1.5rem",
          "height": "200px",
          "width": "200px",
        }
      }
    >
      <p
        className="text-center m-auto w-full relative top-1/2 transform -translate-y-1/2"
        style={
          Object {
            "backgroundColor": "white",
          }
        }
      >
        31 - Woolley hat
      </p>
    </div>
  </a>
  <a
    href="https://www.t-shirts.com"
    target="_blank"
  >
    <div
      className=""
      style={
        Object {
          "backgroundImage": "url(https://picsum.photos/250/250.webp)",
          "fontSize": "1.5rem",
          "height": "200px",
          "width": "200px",
        }
      }
    >
      <p
        className="text-center m-auto w-full relative top-1/2 transform -translate-y-1/2"
        style={
          Object {
            "backgroundColor": "white",
          }
        }
      >
        32 - Cotton T-shirt
      </p>
    </div>
  </a>
  <a
    href="https://www.trousers.com"
    target="_blank"
  >
    <div
      className=""
      style={
        Object {
          "backgroundImage": "url(https://picsum.photos/250/250.webp)",
          "fontSize": "1.5rem",
          "height": "200px",
          "width": "200px",
        }
      }
    >
      <p
        className="text-center m-auto w-full relative top-1/2 transform -translate-y-1/2"
        style={
          Object {
            "backgroundColor": "white",
          }
        }
      >
        33 - Plastic trousers
      </p>
    </div>
  </a>
  <a
    href="https://www.shorts.com"
    target="_blank"
  >
    <div
      className=""
      style={
        Object {
          "backgroundImage": "url(https://picsum.photos/250/250.webp)",
          "fontSize": "1.5rem",
          "height": "200px",
          "width": "200px",
        }
      }
    >
      <p
        className="text-center m-auto w-full relative top-1/2 transform -translate-y-1/2"
        style={
          Object {
            "backgroundColor": "white",
          }
        }
      >
        34 - Skimpy shorts
      </p>
    </div>
  </a>
  <a
    href="https://www.greekgold.com"
    target="_blank"
  >
    <div
      className=""
      style={
        Object {
          "backgroundImage": "url(https://picsum.photos/250/250.webp)",
          "fontSize": "1.5rem",
          "height": "200px",
          "width": "200px",
        }
      }
    >
      <p
        className="text-center m-auto w-full relative top-1/2 transform -translate-y-1/2"
        style={
          Object {
            "backgroundColor": "white",
          }
        }
      >
        35 - Gold ring
      </p>
    </div>
  </a>
</div>
`;
